// Vitest Snapshot v1, https://vitest.dev/guide/snapshot.html

exports[`e2e: npm pack contents > snapshot of the full sorted file list 1`] = `
[
  "agents/lint-auditor.md",
  "agents/lint-detector.md",
  "agents/lint-installer.md",
  "agents/lint-migrator.md",
  "bin/qualy.mjs",
  "CHANGELOG.md",
  "cli/package.json",
  "cli/src/commands/audit-latest.ts",
  "cli/src/commands/audit.ts",
  "cli/src/commands/backup/create.ts",
  "cli/src/commands/backup/list.ts",
  "cli/src/commands/backup/restore.ts",
  "cli/src/commands/detect-existing-linter.ts",
  "cli/src/commands/detect-stack.ts",
  "cli/src/commands/detect-stage.ts",
  "cli/src/commands/detect-test-runner.ts",
  "cli/src/commands/git-clean-check.ts",
  "cli/src/commands/install/coverage.ts",
  "cli/src/commands/install/deps.ts",
  "cli/src/commands/install/hook.ts",
  "cli/src/commands/install/husky.ts",
  "cli/src/commands/install/oxlint.ts",
  "cli/src/commands/install/scripts.ts",
  "cli/src/commands/lint-uninstall.ts",
  "cli/src/commands/recs/apply.ts",
  "cli/src/commands/recs/blast-radius.ts",
  "cli/src/commands/recs/generate.ts",
  "cli/src/commands/report/export.ts",
  "cli/src/commands/report/serve.ts",
  "cli/src/commands/rules/add.ts",
  "cli/src/commands/rules/explain.ts",
  "cli/src/commands/rules/list.ts",
  "cli/src/commands/rules/remove.ts",
  "cli/src/commands/status.ts",
  "cli/src/index.ts",
  "cli/src/install/copy.ts",
  "cli/src/install/errors.ts",
  "cli/src/install/gitignore.ts",
  "cli/src/install/install.ts",
  "cli/src/install/manifest.ts",
  "cli/src/install/registry.ts",
  "cli/src/install/scope.ts",
  "cli/src/install/uninstall.ts",
  "cli/src/install/update.ts",
  "cli/src/install/version.ts",
  "cli/src/lib/audit-schema.ts",
  "cli/src/lib/decision-log-migration.ts",
  "cli/src/lib/decision-log.ts",
  "cli/src/lib/exit-codes.ts",
  "cli/src/lib/fs-safe.ts",
  "cli/src/lib/git.ts",
  "cli/src/lib/ignore-compile.ts",
  "cli/src/lib/ignore-manifest.ts",
  "cli/src/lib/json.ts",
  "cli/src/lib/logger.ts",
  "cli/src/lib/paths.ts",
  "cli/src/lib/pkg-manager.ts",
  "cli/src/lib/ts-config-edit.ts",
  "cli/src/presets/coverage/jest.brownfield.json",
  "cli/src/presets/coverage/jest.greenfield.json",
  "cli/src/presets/coverage/jest.legacy.json",
  "cli/src/presets/coverage/vitest.brownfield.ts",
  "cli/src/presets/coverage/vitest.greenfield.ts",
  "cli/src/presets/coverage/vitest.legacy.ts",
  "cli/src/presets/oxlint/brownfield-moderate.deep.json",
  "cli/src/presets/oxlint/brownfield-moderate.fast.json",
  "cli/src/presets/oxlint/greenfield.deep.json",
  "cli/src/presets/oxlint/greenfield.fast.json",
  "cli/src/presets/oxlint/legacy.deep.json",
  "cli/src/presets/oxlint/legacy.fast.json",
  "cli/src/report/app.ts",
  "cli/src/report/components/ChartLine.ts",
  "cli/src/report/components/ChartTreemap.ts",
  "cli/src/report/components/MetricCard.ts",
  "cli/src/report/components/ViolationsTable.ts",
  "cli/src/report/data-loader.ts",
  "cli/src/report/export.ts",
  "cli/src/report/index.html",
  "cli/src/report/server.ts",
  "cli/src/report/themes/linear-design-md/dark.css",
  "cli/src/report/themes/linear-design-md/light.css",
  "cli/src/report/themes/linear-design-md/tokens.json",
  "cli/src/templates/lint-decisions.md.tpl",
  "cli/src/templates/lintstagedrc.example.js",
  "cli/src/templates/package-scripts.json",
  "cli/src/templates/post-edit.sh",
  "commands/lint/audit.md",
  "commands/lint/report.md",
  "commands/lint/rollback.md",
  "commands/lint/rules/add.md",
  "commands/lint/rules/explain.md",
  "commands/lint/rules/list.md",
  "commands/lint/rules/remove.md",
  "commands/lint/setup.md",
  "commands/lint/uninstall.md",
  "commands/lint/update.md",
  "package.json",
  "README.md",
  "skills/lint/SKILL.md",
]
`;
